-F32Vl8Rk4dwsmk0f2wRIw
-LwMcDDqZvh52YyEUTTCJg
0o0VMEJeQY0pAAZ9nxErBA
17LPTsu4RgqTZ3SxsGzzxw
1i4Dx_83rJEP8OTriIynkA
1pL-KrRvHcypkMVLd0MNtQ
26wW6FNWdmC23Vz-sjy9Dw
27aGnUabXY23OH5oilHe7g
38JK-SfO9NkAGs1RwlH2Gw
3xmdCeTGOQLB9w2qXk5QGA
4dnDsoHuxUtzhaumxbpR5w
4p-qAdc_ZLXfieNwaZGNGA
5JqLiB__wOB5vf6tHx-FLg
5aBkPhqXNrI_OoMfKlw9KA
5hBsVMJOc8sXMPt8S3NjmA
66oDhsKSB_eSrhCKiERDow
6DuBPBgCN6YMowFwrp_P5g
6ZXbTu3isjKoD42_iKOhqA
6d6PyGPyiw_mAcA030Cyng
6kp815UUjK--ukUjmDlSCQ
6nlkNTpTcVdZJomx6MbeQw
9SZBVZ-mxebOVa1BlWFtWw
9yAlDI62cUJtYQXtnVqkoQ
A3mpjzazkSDkua4cPSayYA
A_O8wZOsMTPwyeYA4-Rsow
AekI5EGgoYTFKecU3I0jfA
CjL3FtpiDzhNXTQPw0-RBw
DLu1Bum8EXNE62xno-v0VA
E5qFR0RBQBoXx8FbrOkdbw
EQXgqA7jGO81EoPImGFexQ
EjhVxYFeMUYimoImjMduzQ
GzCK2q4opam7eeyqlUDywg
HGWIasjq8h6GGNPRXhn3cw
HWi8ntFMy81BVjAsgAwbrQ
I-P1v7sRjDLEfVOndp01kA
IGkoathSlJmIOBDGo9vUZg
KMXTYbd0U031Xs6ygBtWNw
KYeLSM3MQpirmHukVV5Iow
KucBnMrhalzxnD9AWrxwYQ
Lo4auWwU5mV87pDkuozu4A
Ly72PZoHkGZUVWgLH8W2-A
M6oU3OBf_E6gqlfkLGlStQ
MWt24-6bfv_OHLKhwMQ0Tw
N3L6SDymSRkYQtTiSDmXSg
NjOYSgr2LNMoSPi4e140Ig
OAd-vbR_POac1zHtu-Y2Zg
Psh8PaEh8c2Wn8YjwyGVvA
QMTQNQmp4hQ2o6hkRX_Uxg
QP-MdjpUFejr9apuAWcfQg
ST8Yzlk2MqKlcaLqL2djBg
STvYDq8LmYRdwMHHQbfkjw
T3ISRzQ1fQPkUANyokIgAw
T_wjLgPOPXry7Bea4MzoVQ
UsULgP4bKA8RMzs8dQzcsA
VR_fkiVm9Yfz_OiDBrEapw
VqSCQCva71Q-ZVcMsYfQuw
VsGlXCCjzsKyuel6Gpu-7A
Wh5pL_iTBOj3R4W7cJWEkw
YlpzPPySUxJsUJHRyRde8A
YsPqt0gxG60l0cJvHl_ylw
Yw-Q_4QrwWffjnHWLvo4kw
_qRTkEt16U83iiuh-wAfWw
_xf2ECTRftPV4bzK4mGYEg
a4LJJU26cSE7k12-0sEw0Q
ajiXxzXo1LjdbNgfVllX7A
cBJqlNzyoJFak3_XRe2bvw
d0wJVf7Gv7v1B-HHYhxZtQ
dj-vs4rukH6dXWVpPOq0_g
dn9DSDp9CYCRffmL1voq6g
do-fO-EruYVP_FQPMNWmZg
e-t-I6jDb-_HJiaacQFywQ
ePxzwqgNLQnYoObzLYhYvg
gIIBI2Zw6_Yr8GYRNWvJsw
gjv2cM7GAgdicJ6Xh0butg
hFtlFksrcLaWHGPNa6SmeA
huKYBfeFtYCOWs4I-GESSw
iBO2m9xXivsIbvFnZHsNvg
iTmWHtltCtk0Gm55AOxrUA
kFTTt5Ny21viUUsjc-uFPw
kG8jkVFgOAOq6Ht6RvAjEQ
kSVYpNWA19wUplbdi0U0Uw
kZ11FAE4NGbddxOOPeRL5g
kk05snSafuIFK0lsxoMNzA
l6qPq0kgfHx4bZPN_Vn_vg
m0FMb8avBMr2E7wdUyhVzA
mD1uXKXoCgxfpf9wz_1utA
oFhtzLhXS1iENWoBMdWk4w
oRA5ppvW0wMnMeCWpDYo7A
oyKF6Zs4aEYjsFVV9nT2AQ
p1FB2z28hWKYU5dCJJQpIQ
p7dvahRPZIWL7T6pFA_0dg
q5nFaw9isjD_01PpVAR7hg
rLtl8ZkDX5vH5nAx9C3q5Q
sMBdzt8FE_oaqIzYRAwWZw
tZs84cKAUSOtP_nAiSdreQ
uBp2Jmip2qXQ0iWHUDY9sQ
w1LjSa5wMexRIQ-82LKWmQ
x8y1nxyvDJ7fOySblW8mww
xNb8pFe99ENj8BeMsCBPcQ
zTWH9b_ItSdLOK9ypeFOIw
